2026-04-23 19:23:02 [AUTH-DIAG] === Diagnóstico de credenciales ===
2026-04-23 19:23:02 [AUTH-DIAG] .env cargado desde: /Users/carloscerda/Sites/localhost/apiPagoElectronico/ApiPagoElectronico/.env
2026-04-23 19:23:02 [AUTH-DIAG] Método de carga .env: python-dotenv
2026-04-23 19:23:02 [AUTH-DIAG] Claves en os.environ eliminadas: []
2026-04-23 19:23:02 [AUTH-DIAG] API_AUTH_USER final: 'DATAMAULE'
2026-04-23 19:23:02 [AUTH-DIAG] API_AUTH_PASS final: 'Tpiy**************************'
2026-04-23 19:23:02 [AUTH-DIAG] API_AUTH_USER en os.environ ahora: '(vacío=correcto)'
2026-04-23 19:23:02 [AUTH-DIAG] ========================================
2026-04-23 19:42:00 [AUTH-DIAG] === Diagnóstico de credenciales ===
2026-04-23 19:42:00 [AUTH-DIAG] .env cargado desde: /Users/carloscerda/Sites/localhost/apiPagoElectronico/ApiPagoElectronico/.env
2026-04-23 19:42:00 [AUTH-DIAG] Método de carga .env: python-dotenv
2026-04-23 19:42:00 [AUTH-DIAG] Claves en os.environ eliminadas: []
2026-04-23 19:42:00 [AUTH-DIAG] API_AUTH_USER final: 'DATAMAULE'
2026-04-23 19:42:00 [AUTH-DIAG] API_AUTH_PASS final: 'Tpiy**************************'
2026-04-23 19:42:00 [AUTH-DIAG] API_AUTH_USER en os.environ ahora: '(vacío=correcto)'
2026-04-23 19:42:00 [AUTH-DIAG] ========================================
2026-04-23 19:45:27 [AUTH-DIAG] === Diagnóstico de credenciales ===
2026-04-23 19:45:27 [AUTH-DIAG] .env cargado desde: /Users/carloscerda/Sites/localhost/apiPagoElectronico/ApiPagoElectronico/.env
2026-04-23 19:45:27 [AUTH-DIAG] Método de carga .env: python-dotenv
2026-04-23 19:45:27 [AUTH-DIAG] Claves en os.environ eliminadas: []
2026-04-23 19:45:27 [AUTH-DIAG] API_AUTH_USER final: 'DATAMAULE'
2026-04-23 19:45:27 [AUTH-DIAG] API_AUTH_PASS final: 'Tpiy**************************'
2026-04-23 19:45:27 [AUTH-DIAG] API_AUTH_USER en os.environ ahora: '(vacío=correcto)'
2026-04-23 19:45:27 [AUTH-DIAG] ========================================
2026-04-24 12:00:15 [AUTH-DIAG] === Diagnóstico de credenciales ===
2026-04-24 12:00:15 [AUTH-DIAG] .env cargado desde: /Users/carloscerda/Sites/localhost/apiPagoElectronico/ApiPagoElectronico/.env
2026-04-24 12:00:15 [AUTH-DIAG] Método de carga .env: python-dotenv
2026-04-24 12:00:15 [AUTH-DIAG] Claves en os.environ eliminadas: []
2026-04-24 12:00:15 [AUTH-DIAG] API_AUTH_USER final: 'DATAMAULE'
2026-04-24 12:00:15 [AUTH-DIAG] API_AUTH_PASS final: 'Tpiy**************************'
2026-04-24 12:00:15 [AUTH-DIAG] API_AUTH_USER en os.environ ahora: '(vacío=correcto)'
2026-04-24 12:00:15 [AUTH-DIAG] ========================================
2026-04-24 13:19:42 [AUTH-DIAG] === Diagnóstico de credenciales ===
2026-04-24 13:19:42 [AUTH-DIAG] .env cargado desde: /Users/carloscerda/Sites/localhost/apiPagoElectronico/ApiPagoElectronico/.env
2026-04-24 13:19:42 [AUTH-DIAG] Método de carga .env: python-dotenv
2026-04-24 13:19:42 [AUTH-DIAG] Claves en os.environ eliminadas: []
2026-04-24 13:19:42 [AUTH-DIAG] API_AUTH_USER final: 'DATAMAULE'
2026-04-24 13:19:42 [AUTH-DIAG] API_AUTH_PASS final: 'Tpiy**************************'
2026-04-24 13:19:42 [AUTH-DIAG] API_AUTH_USER en os.environ ahora: '(vacío=correcto)'
2026-04-24 13:19:42 [AUTH-DIAG] ========================================
2026-04-24 14:52:35 [AUTH-DIAG] === Diagnóstico de credenciales ===
2026-04-24 14:52:35 [AUTH-DIAG] .env cargado desde: /Users/carloscerda/Sites/localhost/apiPagoElectronico/ApiPagoElectronico/.env
2026-04-24 14:52:35 [AUTH-DIAG] Método de carga .env: python-dotenv
2026-04-24 14:52:35 [AUTH-DIAG] Claves en os.environ eliminadas: []
2026-04-24 14:52:35 [AUTH-DIAG] API_AUTH_USER final: 'DATAMAULE'
2026-04-24 14:52:35 [AUTH-DIAG] API_AUTH_PASS final: 'Tpiy**************************'
2026-04-24 14:52:35 [AUTH-DIAG] API_AUTH_USER en os.environ ahora: '(vacío=correcto)'
2026-04-24 14:52:35 [AUTH-DIAG] ========================================
2026-04-25 17:05:38 [AUTH-DIAG] === Diagnóstico de credenciales ===
2026-04-25 17:05:38 [AUTH-DIAG] .env cargado desde: /Users/carloscerda/Sites/localhost/apiPagoElectronico/ApiPagoElectronico/.env
2026-04-25 17:05:38 [AUTH-DIAG] Método de carga .env: python-dotenv
2026-04-25 17:05:38 [AUTH-DIAG] Claves en os.environ eliminadas: []
2026-04-25 17:05:38 [AUTH-DIAG] API_AUTH_USER final: 'DATAMAULE'
2026-04-25 17:05:38 [AUTH-DIAG] API_AUTH_PASS final: 'Tpiy**************************'
2026-04-25 17:05:38 [AUTH-DIAG] API_AUTH_USER en os.environ ahora: '(vacío=correcto)'
2026-04-25 17:05:38 [AUTH-DIAG] ========================================
2026-04-25 17:22:02 [AUTH-DIAG] === Diagnóstico de credenciales ===
2026-04-25 17:22:02 [AUTH-DIAG] .env cargado desde: /Users/carloscerda/Sites/localhost/apiPagoElectronico/ApiPagoElectronico/.env
2026-04-25 17:22:02 [AUTH-DIAG] Método de carga .env: python-dotenv
2026-04-25 17:22:02 [AUTH-DIAG] Claves en os.environ eliminadas: []
2026-04-25 17:22:02 [AUTH-DIAG] API_AUTH_USER final: 'DATAMAULE'
2026-04-25 17:22:02 [AUTH-DIAG] API_AUTH_PASS final: 'Tpiy**************************'
2026-04-25 17:22:02 [AUTH-DIAG] API_AUTH_USER en os.environ ahora: '(vacío=correcto)'
2026-04-25 17:22:02 [AUTH-DIAG] ========================================
2026-04-25 17:22:14 [AUTH-DIAG] === Diagnóstico de credenciales ===
2026-04-25 17:22:14 [AUTH-DIAG] .env cargado desde: /Users/carloscerda/Sites/localhost/apiPagoElectronico/ApiPagoElectronico/.env
2026-04-25 17:22:14 [AUTH-DIAG] Método de carga .env: python-dotenv
2026-04-25 17:22:14 [AUTH-DIAG] Claves en os.environ eliminadas: []
2026-04-25 17:22:14 [AUTH-DIAG] API_AUTH_USER final: 'DATAMAULE'
2026-04-25 17:22:14 [AUTH-DIAG] API_AUTH_PASS final: 'Tpiy**************************'
2026-04-25 17:22:14 [AUTH-DIAG] API_AUTH_USER en os.environ ahora: '(vacío=correcto)'
2026-04-25 17:22:14 [AUTH-DIAG] ========================================
2026-04-25 17:22:40 [AUTH-DIAG] === Diagnóstico de credenciales ===
2026-04-25 17:22:40 [AUTH-DIAG] .env cargado desde: /Users/carloscerda/Sites/localhost/apiPagoElectronico/ApiPagoElectronico/.env
2026-04-25 17:22:40 [AUTH-DIAG] Método de carga .env: python-dotenv
2026-04-25 17:22:40 [AUTH-DIAG] Claves en os.environ eliminadas: []
2026-04-25 17:22:40 [AUTH-DIAG] API_AUTH_USER final: 'DATAMAULE'
2026-04-25 17:22:40 [AUTH-DIAG] API_AUTH_PASS final: 'Tpiy**************************'
2026-04-25 17:22:40 [AUTH-DIAG] API_AUTH_USER en os.environ ahora: '(vacío=correcto)'
2026-04-25 17:22:40 [AUTH-DIAG] ========================================
2026-04-25 17:26:41 [AUTH-DIAG] === Diagnóstico de credenciales ===
2026-04-25 17:26:41 [AUTH-DIAG] .env cargado desde: /Users/carloscerda/Sites/localhost/apiPagoElectronico/ApiPagoElectronico/.env
2026-04-25 17:26:41 [AUTH-DIAG] Método de carga .env: python-dotenv
2026-04-25 17:26:41 [AUTH-DIAG] Claves en os.environ eliminadas: []
2026-04-25 17:26:41 [AUTH-DIAG] API_AUTH_USER final: 'DATAMAULE'
2026-04-25 17:26:41 [AUTH-DIAG] API_AUTH_PASS final: 'Tpiy**************************'
2026-04-25 17:26:41 [AUTH-DIAG] API_AUTH_USER en os.environ ahora: '(vacío=correcto)'
2026-04-25 17:26:41 [AUTH-DIAG] ========================================
2026-04-25 17:49:14 [AUTH-DIAG] === Diagnóstico de credenciales ===
2026-04-25 17:49:14 [AUTH-DIAG] .env cargado desde: /Users/carloscerda/Sites/localhost/apiPagoElectronico/ApiPagoElectronico/.env
2026-04-25 17:49:14 [AUTH-DIAG] Método de carga .env: python-dotenv
2026-04-25 17:49:14 [AUTH-DIAG] Claves en os.environ eliminadas: []
2026-04-25 17:49:14 [AUTH-DIAG] API_AUTH_USER final: 'DATAMAULE'
2026-04-25 17:49:14 [AUTH-DIAG] API_AUTH_PASS final: 'Tpiy**************************'
2026-04-25 17:49:14 [AUTH-DIAG] API_AUTH_USER en os.environ ahora: '(vacío=correcto)'
2026-04-25 17:49:14 [AUTH-DIAG] ========================================
2026-04-27 14:04:02 [AUTH-DIAG] === Diagnóstico de credenciales ===
2026-04-27 14:04:02 [AUTH-DIAG] .env cargado desde: /Users/carloscerda/Sites/localhost/apiPagoElectronico/ApiPagoElectronico/.env
2026-04-27 14:04:02 [AUTH-DIAG] Método de carga .env: python-dotenv
2026-04-27 14:04:02 [AUTH-DIAG] Claves en os.environ eliminadas: []
2026-04-27 14:04:02 [AUTH-DIAG] API_AUTH_USER final: 'DATAMAULE'
2026-04-27 14:04:02 [AUTH-DIAG] API_AUTH_PASS final: 'Tpiy**************************'
2026-04-27 14:04:02 [AUTH-DIAG] API_AUTH_USER en os.environ ahora: '(vacío=correcto)'
2026-04-27 14:04:02 [AUTH-DIAG] ========================================
2026-04-27 14:04:24 [AUTH-DIAG] === Diagnóstico de credenciales ===
2026-04-27 14:04:24 [AUTH-DIAG] .env cargado desde: /Users/carloscerda/Sites/localhost/apiPagoElectronico/ApiPagoElectronico/.env
2026-04-27 14:04:24 [AUTH-DIAG] Método de carga .env: python-dotenv
2026-04-27 14:04:24 [AUTH-DIAG] Claves en os.environ eliminadas: []
2026-04-27 14:04:24 [AUTH-DIAG] API_AUTH_USER final: 'DATAMAULE'
2026-04-27 14:04:24 [AUTH-DIAG] API_AUTH_PASS final: 'Tpiy**************************'
2026-04-27 14:04:24 [AUTH-DIAG] API_AUTH_USER en os.environ ahora: '(vacío=correcto)'
2026-04-27 14:04:24 [AUTH-DIAG] ========================================
2026-05-05 17:28:06 [AUTH-DIAG] === Diagnóstico de credenciales ===
2026-05-05 17:28:06 [AUTH-DIAG] .env cargado desde: /Users/carloscerda/Sites/localhost/apiPagoElectronico/ApiPagoElectronico/.env
2026-05-05 17:28:06 [AUTH-DIAG] Método de carga .env: python-dotenv
2026-05-05 17:28:06 [AUTH-DIAG] Claves en os.environ eliminadas: []
2026-05-05 17:28:06 [AUTH-DIAG] API_AUTH_USER final: 'DATAMAULE'
2026-05-05 17:28:06 [AUTH-DIAG] API_AUTH_PASS final: 'Tpiy**************************'
2026-05-05 17:28:06 [AUTH-DIAG] API_AUTH_USER en os.environ ahora: '(vacío=correcto)'
2026-05-05 17:28:06 [AUTH-DIAG] ========================================
2026-05-06 18:24:24 [AUTH-DIAG] === Diagnóstico de credenciales ===
2026-05-06 18:24:24 [AUTH-DIAG] .env cargado desde: /Users/carloscerda/Sites/localhost/apiPagoElectronico/ApiPagoElectronico/.env
2026-05-06 18:24:24 [AUTH-DIAG] Método de carga .env: python-dotenv
2026-05-06 18:24:24 [AUTH-DIAG] Claves en os.environ eliminadas: []
2026-05-06 18:24:24 [AUTH-DIAG] API_AUTH_USER final: 'DATAMAULE'
2026-05-06 18:24:24 [AUTH-DIAG] API_AUTH_PASS final: 'Tpiy**************************'
2026-05-06 18:24:24 [AUTH-DIAG] API_AUTH_USER en os.environ ahora: '(vacío=correcto)'
2026-05-06 18:24:24 [AUTH-DIAG] ========================================
2026-05-07 16:47:41 [AUTH-DIAG] === Diagnóstico de credenciales ===
2026-05-07 16:47:41 [AUTH-DIAG] .env cargado desde: /Users/carloscerda/Sites/localhost/apiPagoElectronico/ApiPagoElectronico/.env
2026-05-07 16:47:41 [AUTH-DIAG] Método de carga .env: python-dotenv
2026-05-07 16:47:41 [AUTH-DIAG] Claves en os.environ eliminadas: []
2026-05-07 16:47:41 [AUTH-DIAG] API_AUTH_USER final: 'DATAMAULE'
2026-05-07 16:47:41 [AUTH-DIAG] API_AUTH_PASS final: 'Tpiy**************************'
2026-05-07 16:47:41 [AUTH-DIAG] API_AUTH_USER en os.environ ahora: '(vacío=correcto)'
2026-05-07 16:47:41 [AUTH-DIAG] ========================================
2026-05-12 15:47:50 [AUTH-DIAG] === Diagnóstico de credenciales ===
2026-05-12 15:47:50 [AUTH-DIAG] .env cargado desde: /Users/carloscerda/Sites/localhost/apiPagoElectronico/ApiPagoElectronico/.env
2026-05-12 15:47:50 [AUTH-DIAG] Método de carga .env: python-dotenv
2026-05-12 15:47:50 [AUTH-DIAG] Claves en os.environ eliminadas: []
2026-05-12 15:47:50 [AUTH-DIAG] API_AUTH_USER final: 'DATAMAULE'
2026-05-12 15:47:50 [AUTH-DIAG] API_AUTH_PASS final: 'Tpiy**************************'
2026-05-12 15:47:50 [AUTH-DIAG] API_AUTH_USER en os.environ ahora: '(vacío=correcto)'
2026-05-12 15:47:50 [AUTH-DIAG] ========================================
2026-05-20 13:02:52 [AUTH-DIAG] === Diagnóstico de credenciales ===
2026-05-20 13:02:52 [AUTH-DIAG] .env cargado desde: /Users/carloscerda/Sites/localhost/apiPagoElectronico/ApiPagoElectronico/.env
2026-05-20 13:02:52 [AUTH-DIAG] Método de carga .env: python-dotenv
2026-05-20 13:02:52 [AUTH-DIAG] Claves en os.environ eliminadas: []
2026-05-20 13:02:52 [AUTH-DIAG] API_AUTH_USER final: 'DATAMAULE'
2026-05-20 13:02:52 [AUTH-DIAG] API_AUTH_PASS final: 'Tpiy**************************'
2026-05-20 13:02:52 [AUTH-DIAG] API_AUTH_USER en os.environ ahora: '(vacío=correcto)'
2026-05-20 13:02:52 [AUTH-DIAG] ========================================
2026-05-27 15:27:48 [AUTH-DIAG] === Diagnóstico de credenciales ===
2026-05-27 15:27:48 [AUTH-DIAG] .env cargado desde: /Users/carloscerda/Sites/localhost/apiPagoElectronico/ApiPagoElectronico/.env
2026-05-27 15:27:48 [AUTH-DIAG] Método de carga .env: python-dotenv
2026-05-27 15:27:48 [AUTH-DIAG] Claves en os.environ eliminadas: []
2026-05-27 15:27:48 [AUTH-DIAG] API_AUTH_USER final: 'DATAMAULE'
2026-05-27 15:27:48 [AUTH-DIAG] API_AUTH_PASS final: 'Tpiy**************************'
2026-05-27 15:27:48 [AUTH-DIAG] API_AUTH_USER en os.environ ahora: '(vacío=correcto)'
2026-05-27 15:27:48 [AUTH-DIAG] ========================================
